// Jest Snapshot v1, https://goo.gl/fbAQLP

exports[`CompareListComponent matches snapshot 1`] = `
<div
  className="usa-grid-full content-container"
>
  <div>
    <button
      className="button-back-link"
      onClick={[Function]}
      role="link"
      tabIndex="0"
    >
      <FontAwesome
        name="arrow-left"
      />
      Go back to search results
    </button>
  </div>
  <div
    className="comparison-container"
  >
    <div
      className="comparison-table-container"
    >
      <table
        className="tm-table"
      >
        <caption
          className="usa-sr-only"
        >
          Position details comparison:
        </caption>
        <thead>
          <tr>
            <th
              scope="row"
            >
              Position
              <div
                className="border-extension border-visible"
              />
            </th>
            <th>
              <div
                className="column-title-main"
              >
                OMS (DCM)
              </div>
              <div
                className="column-title-link"
              >
                <Link
                  replace={false}
                  to="/details/10034001"
                >
                  Learn more
                </Link>
              </div>
              <div
                className="border-extension"
              />
            </th>
            <th>
              <div
                className="column-title-main"
              >
                SPECIAL AGENT
              </div>
              <div
                className="column-title-link"
              >
                <Link
                  replace={false}
                  to="/details/56082000"
                >
                  Learn more
                </Link>
              </div>
              <div
                className="border-extension"
              />
            </th>
          </tr>
        </thead>
        <tbody>
          <tr>
            <th
              scope="row"
            >
              Post
              <div
                className="border-extension-layer-2 border-visible-layer-2"
              />
            </th>
            <td>
              Monrovia, Liberia
              <div
                className="border-extension-layer-2"
              />
            </td>
            <td>
              Port-Au-Prince, Haiti
              <div
                className="border-extension-layer-2"
              />
            </td>
          </tr>
          <tr>
            <th
              scope="row"
            >
              Skill Code
            </th>
            <td>
              OFFICE MANAGEMENT (9017)
            </td>
            <td>
              SECURITY (2501)
            </td>
          </tr>
          <tr>
            <th
              scope="row"
            >
              Position Number
            </th>
            <td>
              10034001
            </td>
            <td>
              56082000
            </td>
          </tr>
          <tr>
            <th
              scope="row"
            >
              Language
            </th>
            <td>
              <LanguageList
                languages={Array []}
                propToUse="representation"
              />
            </td>
            <td>
              <LanguageList
                languages={
                  Array [
                    Object {
                      "id": 1,
                      "language": "French (FR)",
                      "reading_proficiency": "2",
                      "representation": "French (FR) 2/2",
                      "spoken_proficiency": "2",
                    },
                    Object {
                      "id": 20,
                      "language": "Haitian Creole (HC)",
                      "reading_proficiency": "0",
                      "representation": "Haitian Creole (HC) 0/0",
                      "spoken_proficiency": "0",
                    },
                  ]
                }
                propToUse="representation"
              />
            </td>
          </tr>
          <tr>
            <th
              scope="row"
            >
              Transfer Eligibility Date
            </th>
            <td>
              03/13/2020
            </td>
            <td>
              03/13/2020
            </td>
          </tr>
          <tr>
            <th
              scope="row"
            >
              Incumbent
            </th>
            <td>
              John Doe
            </td>
            <td>
              John Doe
            </td>
          </tr>
          <tr>
            <th
              scope="row"
            >
              Bureau
            </th>
            <td>
              (AF) BUREAU OF AFRICAN AFFAIRS
            </td>
            <td>
              (WHA) BUREAU OF WESTERN HEMISPHERIC AFFAIRS
            </td>
          </tr>
          <tr>
            <th
              scope="row"
            >
              Tour of Duty
            </th>
            <td>
              2 YRS (2 R & R)
            </td>
            <td>
              2 YRS (2 R & R)
            </td>
          </tr>
          <tr>
            <th
              scope="row"
            >
              Post Differential
            </th>
            <td>
              N/A 
            </td>
            <td>
              N/A 
            </td>
          </tr>
          <tr>
            <th
              scope="row"
            >
              Danger Pay
            </th>
            <td>
              N/A 
            </td>
            <td>
              N/A 
            </td>
          </tr>
        </tbody>
      </table>
      <div
        className="border-bottom-extension"
      />
    </div>
  </div>
</div>
`;

exports[`CompareListComponent matches snapshot when isLoading is true 1`] = `
<div
  className="usa-grid-full content-container"
>
  <div>
    <button
      className="button-back-link"
      onClick={[Function]}
      role="link"
      tabIndex="0"
    >
      <FontAwesome
        name="arrow-left"
      />
      Go back to search results
    </button>
  </div>
  <div
    className="comparison-container"
  >
    <Spinner
      size="big"
      type="homepage-position-results"
    />
  </div>
</div>
`;
