// Jest Snapshot v1, https://goo.gl/fbAQLP

exports[`Column matches snapshot 1`] = `
<div
  className="usa-width-one-whole tm-grid"
  id="Column-1"
>
  <div
    className="usa-width-one-whole"
  />
</div>
`;
