// Jest Snapshot v1, https://goo.gl/fbAQLP

exports[`PositionTitleComponent matches snapshot 1`] = `
<div
  className="position-details-header-container"
>
  <HelmetWrapper
    defer={true}
    encodeSpecialCharacters={true}
  >
    <title>
      Test Position
    </title>
    <meta
      content="Test Position 00003027"
      property="og:title"
    />
    <meta
      content="a description"
      property="og:description"
    />
    <meta
      content="http://localhost/"
      property="og:url"
    />
  </HelmetWrapper>
  <div
    className="position-details-header"
  >
    <div
      className="usa-grid positions-details-header-grid"
    >
      <div
        className="usa-width-one-half"
      >
        <div
          className="usa-grid-full"
        >
          <div
            className="usa-width-two-thirds header-title-container"
          >
            <div
              className="position-details-header-title"
            >
              <h1>
                Test Position
              </h1>
            </div>
            <div>
              Post: 
              MASERU, LESOTHO
               
            </div>
          </div>
          <div
            className="usa-width-one-third title-actions-section"
          >
            <Favorite
              as="div"
              className=""
              compareArray={Array []}
              hasBorder={false}
              hideText={false}
              isLoading={false}
              onToggle={[Function]}
              refKey={6}
              useButtonClass={false}
              useLongText={true}
              useSpinnerWhite={true}
            />
          </div>
        </div>
      </div>
    </div>
    <img
      alt="United States flag background"
      className="position-details-header-image"
      src="/assets/img/us-flag.jpg"
    />
  </div>
  <div
    className="offset-bid-button-container"
  >
    <div
      className="offset-bid-button-container-button"
    />
  </div>
</div>
`;
