// Jest Snapshot v1, https://goo.gl/fbAQLP

exports[`ResultsCondensedCardBottomComponent matches snapshot 1`] = `
<div
  className="condensed-card-footer"
>
  <div
    className="usa-grid-full condensed-card-footer-container"
  >
    <div
      className="condensed-card-footer-left"
    >
      <strong>
        Position Number: 
      </strong>
      10034001
    </div>
    <div
      className="condensed-card-footer-right"
    >
      <strong>
        Posted: 
      </strong>
      03/08/2018
    </div>
  </div>
</div>
`;
