// Jest Snapshot v1, https://goo.gl/fbAQLP

exports[`CondensedCardDataComponent matches snapshot 1`] = `
<div
  className="usa-grid-full condensed-card-data"
>
  <CondensedCardDataPoint
    content="Monrovia, Liberia"
    hasFixedTitleWidth={true}
    title="Post"
  />
  <CondensedCardDataPoint
    content="OFFICE MANAGEMENT (9017)"
    hasFixedTitleWidth={true}
    title="Skill Code"
  />
  <CondensedCardDataPoint
    content={
      <LanguageList
        languages={Array []}
        propToUse="language"
      />
    }
    hasFixedTitleWidth={true}
    title="Language"
  />
  <Connect(StaticDevContent)>
    <CondensedCardDataPoint
      content="6.1.18"
      hasFixedTitleWidth={true}
      title="Time of estimated departure"
    />
  </Connect(StaticDevContent)>
</div>
`;
